GAMS 25.1.2  r67455 Released Aug  1, 2018 DEX-DEG x86 64bit/Mac OS X                                                                                                                                                                   01/26/19 17:48:38 Page 1
G e n e r a l   A l g e b r a i c   M o d e l i n g   S y s t e m
C o m p i l a t i o n


   1  set plots /
   2  'Alter Zoll'
   3  'Nussallee'
   4  'Langer Anton'
   5  /;
   6   
   7  set crops /
   8  'Ackerbohnen'
   9  'Kartoffeln'
  10  'Möhren'
  11  /;
  12   
  13  * Definition der Monate
  14  set months /JAN,FEB,MRZ,APR,MAI,JUN,JUL,AUG,SEP,OKT,NOV,DEZ/
  15   
  16  * Ingesamt verfuegbare Arbeitsstunden
  17  parameter p_availWorkHours(months) /
  18    JAN 100
  19    FEB 100
  20    MRZ 100
  21    APR 100
  22    MAI 100
  23    JUN 100
  24    JUL 100
  25    AUG 100
  26    SEP 100
  27    OKT 100
  28    NOV 100
  29    DEZ 100
  30  /;
  31   
  32  * Arbeitszeitbedarf pro Kultur und Jahr
  33  parameter p_workReqPerCrop(crops,months) /
  34    'Ackerbohnen'.'JAN' 10
  35    'Ackerbohnen'.'FEB' 10
  36    'Ackerbohnen'.'MRZ' 10
  37    'Ackerbohnen'.'APR' 10
  38    'Ackerbohnen'.'MAI' 10
  39    'Ackerbohnen'.'JUN' 10
  40    'Ackerbohnen'.'JUL' 10
  41    'Ackerbohnen'.'AUG' 10
  42    'Ackerbohnen'.'SEP' 10
  43    'Ackerbohnen'.'OKT' 10
  44    'Ackerbohnen'.'NOV' 10
  45    'Ackerbohnen'.'DEZ' 10
  46    'Kartoffeln'.'JAN' 10
  47    'Kartoffeln'.'FEB' 10
  48    'Kartoffeln'.'MRZ' 10
  49    'Kartoffeln'.'APR' 10
  50    'Kartoffeln'.'MAI' 10
  51    'Kartoffeln'.'JUN' 10
  52    'Kartoffeln'.'JUL' 10
  53    'Kartoffeln'.'AUG' 10
  54    'Kartoffeln'.'SEP' 10
  55    'Kartoffeln'.'OKT' 10
  56    'Kartoffeln'.'NOV' 10
  57    'Kartoffeln'.'DEZ' 10
  58    'Möhren'.'JAN' 10
  59    'Möhren'.'FEB' 10
  60    'Möhren'.'MRZ' 10
  61    'Möhren'.'APR' 10
  62    'Möhren'.'MAI' 10
  63    'Möhren'.'JUN' 10
  64    'Möhren'.'JUL' 10
  65    'Möhren'.'AUG' 10
  66    'Möhren'.'SEP' 10
  67    'Möhren'.'OKT' 10
  68    'Möhren'.'NOV' 10
  69    'Möhren'.'DEZ' 10
  70  /;
  71   
  72  display p_workReqPerCrop;
  73  parameter p_grossMargin(plots,crops) /
  74  'Alter Zoll'.'Ackerbohnen' 106
  75  'Alter Zoll'.'Kartoffeln' 5674
  76  'Alter Zoll'.'Möhren' -4175
  77  'Nussallee'.'Ackerbohnen' 132
  78  'Nussallee'.'Kartoffeln' 6010
  79  'Nussallee'.'Möhren' -4076
  80  'Langer Anton'.'Ackerbohnen' 51
  81  'Langer Anton'.'Kartoffeln' 4956
  82  'Langer Anton'.'Möhren' 9819
  83  /;
  84   
  85  Variable v_obje;
  86  Binary Variable v_binCropPlot(crops,plots);
  87   
  88   
  89  Equations
  90    e_obje
  91    e_oneCropPlot(plots)
  92    e_maxWorkHours(months)
  93  ;
  94   
  95  e_oneCropPlot(plots)..
  96    sum(crops, v_binCropPlot(crops,plots))
  97    =E= 1
  98  ;
  99   
 100  e_maxWorkHours(months)..
 101    p_availWorkHours(months) =G=
 102       sum((plots,crops), v_binCropPlot(crops,plots) * p_workReqPerCrop(crops,months))
 103  ;
 104   
 105  e_obje..
 106    v_obje =E=
 107      sum((plots,crops),
 108      v_binCropPlot(crops,plots)
 109      * p_grossMargin(plots,crops));
 110   
 111  model Fruchtfolge / all /;
 112  solve Fruchtfolge using MIP maximizing v_obje;


COMPILATION TIME     =        0.001 SECONDS      3 MB  25.1.2 r67455 DEX-DEG
GAMS 25.1.2  r67455 Released Aug  1, 2018 DEX-DEG x86 64bit/Mac OS X                                                                                                                                                                   01/26/19 17:48:38 Page 2
G e n e r a l   A l g e b r a i c   M o d e l i n g   S y s t e m
E x e c u t i o n


----     72 PARAMETER p_workReqPerCrop  

                    JAN         FEB         MRZ         APR         MAI         JUN         JUL         AUG         SEP         OKT         NOV         DEZ

Ackerbohnen      10.000      10.000      10.000      10.000      10.000      10.000      10.000      10.000      10.000      10.000      10.000      10.000
Kartoffeln       10.000      10.000      10.000      10.000      10.000      10.000      10.000      10.000      10.000      10.000      10.000      10.000
Möhren          10.000      10.000      10.000      10.000      10.000      10.000      10.000      10.000      10.000      10.000      10.000      10.000

GAMS 25.1.2  r67455 Released Aug  1, 2018 DEX-DEG x86 64bit/Mac OS X                                                                                                                                                                   01/26/19 17:48:38 Page 3
G e n e r a l   A l g e b r a i c   M o d e l i n g   S y s t e m
Equation Listing    SOLVE Fruchtfolge Using MIP From line 112


---- e_obje  =E=  

e_obje..  v_obje - 106*v_binCropPlot(Ackerbohnen,Alter Zoll) - 132*v_binCropPlot(Ackerbohnen,Nussallee) - 51*v_binCropPlot(Ackerbohnen,Langer Anton) - 5674*v_binCropPlot(Kartoffeln,Alter Zoll) - 6010*v_binCropPlot(Kartoffeln,Nussallee)
     
      - 4956*v_binCropPlot(Kartoffeln,Langer Anton) + 4175*v_binCropPlot(Möhren,Alter Zoll) + 4076*v_binCropPlot(Möhren,Nussallee) - 9819*v_binCropPlot(Möhren,Langer Anton) =E= 0 ; (LHS = 0)
     

---- e_oneCropPlot  =E=  

e_oneCropPlot(Alter Zoll)..  v_binCropPlot(Ackerbohnen,Alter Zoll) + v_binCropPlot(Kartoffeln,Alter Zoll) + v_binCropPlot(Möhren,Alter Zoll) =E= 1 ; (LHS = 0, INFES = 1 ****)
     
e_oneCropPlot(Nussallee)..  v_binCropPlot(Ackerbohnen,Nussallee) + v_binCropPlot(Kartoffeln,Nussallee) + v_binCropPlot(Möhren,Nussallee) =E= 1 ; (LHS = 0, INFES = 1 ****)
     
e_oneCropPlot(Langer Anton)..  v_binCropPlot(Ackerbohnen,Langer Anton) + v_binCropPlot(Kartoffeln,Langer Anton) + v_binCropPlot(Möhren,Langer Anton) =E= 1 ; (LHS = 0, INFES = 1 ****)
     

---- e_maxWorkHours  =G=  

e_maxWorkHours(JAN)..  - 10*v_binCropPlot(Ackerbohnen,Alter Zoll) - 10*v_binCropPlot(Ackerbohnen,Nussallee) - 10*v_binCropPlot(Ackerbohnen,Langer Anton) - 10*v_binCropPlot(Kartoffeln,Alter Zoll) - 10*v_binCropPlot(Kartoffeln,Nussallee)
     
      - 10*v_binCropPlot(Kartoffeln,Langer Anton) - 10*v_binCropPlot(Möhren,Alter Zoll) - 10*v_binCropPlot(Möhren,Nussallee) - 10*v_binCropPlot(Möhren,Langer Anton) =G= -100 ; (LHS = 0)
     
e_maxWorkHours(FEB)..  - 10*v_binCropPlot(Ackerbohnen,Alter Zoll) - 10*v_binCropPlot(Ackerbohnen,Nussallee) - 10*v_binCropPlot(Ackerbohnen,Langer Anton) - 10*v_binCropPlot(Kartoffeln,Alter Zoll) - 10*v_binCropPlot(Kartoffeln,Nussallee)
     
      - 10*v_binCropPlot(Kartoffeln,Langer Anton) - 10*v_binCropPlot(Möhren,Alter Zoll) - 10*v_binCropPlot(Möhren,Nussallee) - 10*v_binCropPlot(Möhren,Langer Anton) =G= -100 ; (LHS = 0)
     
e_maxWorkHours(MRZ)..  - 10*v_binCropPlot(Ackerbohnen,Alter Zoll) - 10*v_binCropPlot(Ackerbohnen,Nussallee) - 10*v_binCropPlot(Ackerbohnen,Langer Anton) - 10*v_binCropPlot(Kartoffeln,Alter Zoll) - 10*v_binCropPlot(Kartoffeln,Nussallee)
     
      - 10*v_binCropPlot(Kartoffeln,Langer Anton) - 10*v_binCropPlot(Möhren,Alter Zoll) - 10*v_binCropPlot(Möhren,Nussallee) - 10*v_binCropPlot(Möhren,Langer Anton) =G= -100 ; (LHS = 0)
     
REMAINING 9 ENTRIES SKIPPED

GAMS 25.1.2  r67455 Released Aug  1, 2018 DEX-DEG x86 64bit/Mac OS X                                                                                                                                                                   01/26/19 17:48:38 Page 4
G e n e r a l   A l g e b r a i c   M o d e l i n g   S y s t e m
Column Listing      SOLVE Fruchtfolge Using MIP From line 112


---- v_obje  

v_obje
                (.LO, .L, .UP, .M = -INF, 0, +INF, 0)
        1       e_obje


---- v_binCropPlot  

v_binCropPlot(Ackerbohnen,Alter Zoll)
                (.LO, .L, .UP, .M = 0, 0, 1, 0)
     -106       e_obje
        1       e_oneCropPlot(Alter Zoll)
      -10       e_maxWorkHours(JAN)
      -10       e_maxWorkHours(FEB)
      -10       e_maxWorkHours(MRZ)
      -10       e_maxWorkHours(APR)
      -10       e_maxWorkHours(MAI)
      -10       e_maxWorkHours(JUN)
      -10       e_maxWorkHours(JUL)
      -10       e_maxWorkHours(AUG)
      -10       e_maxWorkHours(SEP)
      -10       e_maxWorkHours(OKT)
      -10       e_maxWorkHours(NOV)
      -10       e_maxWorkHours(DEZ)

v_binCropPlot(Ackerbohnen,Nussallee)
                (.LO, .L, .UP, .M = 0, 0, 1, 0)
     -132       e_obje
        1       e_oneCropPlot(Nussallee)
      -10       e_maxWorkHours(JAN)
      -10       e_maxWorkHours(FEB)
      -10       e_maxWorkHours(MRZ)
      -10       e_maxWorkHours(APR)
      -10       e_maxWorkHours(MAI)
      -10       e_maxWorkHours(JUN)
      -10       e_maxWorkHours(JUL)
      -10       e_maxWorkHours(AUG)
      -10       e_maxWorkHours(SEP)
      -10       e_maxWorkHours(OKT)
      -10       e_maxWorkHours(NOV)
      -10       e_maxWorkHours(DEZ)

v_binCropPlot(Ackerbohnen,Langer Anton)
                (.LO, .L, .UP, .M = 0, 0, 1, 0)
      -51       e_obje
        1       e_oneCropPlot(Langer Anton)
      -10       e_maxWorkHours(JAN)
      -10       e_maxWorkHours(FEB)
      -10       e_maxWorkHours(MRZ)
      -10       e_maxWorkHours(APR)
      -10       e_maxWorkHours(MAI)
      -10       e_maxWorkHours(JUN)
      -10       e_maxWorkHours(JUL)
      -10       e_maxWorkHours(AUG)
      -10       e_maxWorkHours(SEP)
      -10       e_maxWorkHours(OKT)
      -10       e_maxWorkHours(NOV)
      -10       e_maxWorkHours(DEZ)

REMAINING 6 ENTRIES SKIPPED
GAMS 25.1.2  r67455 Released Aug  1, 2018 DEX-DEG x86 64bit/Mac OS X                                                                                                                                                                   01/26/19 17:48:38 Page 5
G e n e r a l   A l g e b r a i c   M o d e l i n g   S y s t e m
Model Statistics    SOLVE Fruchtfolge Using MIP From line 112


MODEL STATISTICS

BLOCKS OF EQUATIONS           3     SINGLE EQUATIONS           16
BLOCKS OF VARIABLES           2     SINGLE VARIABLES           10
NON ZERO ELEMENTS           127     DISCRETE VARIABLES          9


GENERATION TIME      =        0.010 SECONDS      4 MB  25.1.2 r67455 DEX-DEG


EXECUTION TIME       =        0.010 SECONDS      4 MB  25.1.2 r67455 DEX-DEG
GAMS 25.1.2  r67455 Released Aug  1, 2018 DEX-DEG x86 64bit/Mac OS X                                                                                                                                                                   01/26/19 17:48:38 Page 6
G e n e r a l   A l g e b r a i c   M o d e l i n g   S y s t e m
Solution Report     SOLVE Fruchtfolge Using MIP From line 112


               S O L V E      S U M M A R Y

     MODEL   Fruchtfolge         OBJECTIVE  v_obje
     TYPE    MIP                 DIRECTION  MAXIMIZE
     SOLVER  CPLEX               FROM LINE  112

**** SOLVER STATUS     1 Normal Completion         
**** MODEL STATUS      1 Optimal                   
**** OBJECTIVE VALUE            21503.0000

 RESOURCE USAGE, LIMIT          0.024      1000.000
 ITERATION COUNT, LIMIT         0    2000000000

IBM ILOG CPLEX   25.1.2 r67455 Released Aug  1, 2018 DEG x86 64bit/Mac OS X   
Cplex 12.8.0.0

Space for names approximately 0.00 Mb
Use option 'names no' to turn use of names off
MIP status(101): integer optimal solution
Cplex Time: 0.01sec (det. 0.02 ticks)
Fixing integer variables, and solving final LP...
Fixed MIP status(1): optimal
Cplex Time: 0.01sec (det. 0.01 ticks)
Proven optimal solution.

MIP Solution:        21503.000000    (0 iterations, 0 nodes)
Final Solve:         21503.000000    (0 iterations)

Best possible:       21503.000000
Absolute gap:            0.000000
Relative gap:            0.000000


                           LOWER          LEVEL          UPPER         MARGINAL

---- EQU e_obje              .              .              .             1.0000      

---- EQU e_oneCropPlot  

                    LOWER          LEVEL          UPPER         MARGINAL

Alter Zoll           1.0000         1.0000         1.0000          .          
Nussallee            1.0000         1.0000         1.0000          .          
Langer Anton         1.0000         1.0000         1.0000          .          

---- EQU e_maxWorkHours  

           LOWER          LEVEL          UPPER         MARGINAL

JAN      -100.0000       -30.0000        +INF             .          
FEB      -100.0000       -30.0000        +INF             .          
MRZ      -100.0000       -30.0000        +INF             .          
APR      -100.0000       -30.0000        +INF             .          
MAI      -100.0000       -30.0000        +INF             .          
JUN      -100.0000       -30.0000        +INF             .          
JUL      -100.0000       -30.0000        +INF             .          
AUG      -100.0000       -30.0000        +INF             .          
SEP      -100.0000       -30.0000        +INF             .          
OKT      -100.0000       -30.0000        +INF             .          
NOV      -100.0000       -30.0000        +INF             .          
DEZ      -100.0000       -30.0000        +INF             .          

                           LOWER          LEVEL          UPPER         MARGINAL

---- VAR v_obje            -INF        21503.0000        +INF             .          

---- VAR v_binCropPlot  

                                LOWER          LEVEL          UPPER         MARGINAL

Ackerbohnen.Alter Zoll            .              .             1.0000       106.0000      
Ackerbohnen.Nussallee             .              .             1.0000       132.0000      
Ackerbohnen.Langer Anton          .              .             1.0000        51.0000      
Kartoffeln .Alter Zoll            .             1.0000         1.0000      5674.0000      
Kartoffeln .Nussallee             .             1.0000         1.0000      6010.0000      
Kartoffeln .Langer Anton          .              .             1.0000      4956.0000      
Möhren    .Alter Zoll            .              .             1.0000     -4175.0000      
Möhren    .Nussallee             .              .             1.0000     -4076.0000      
Möhren    .Langer Anton          .             1.0000         1.0000      9819.0000      


**** REPORT SUMMARY :        0     NONOPT
                             0 INFEASIBLE
                             0  UNBOUNDED


EXECUTION TIME       =        0.001 SECONDS      2 MB  25.1.2 r67455 DEX-DEG


USER: Course License GAMS                            S181106/0001AN-GEN
      University of Bonn, Institute for Agricultural Policy     DC13983
      License for teaching and research at degree granting institutions


**** FILE SUMMARY

Input      /Users/toffi1/UniCloud/Programmieren/Fruchtfolge-Electron/test.gms
Output     /Users/toffi1/UniCloud/Programmieren/Fruchtfolge-Electron/test.lst
